[2023-08-22T10:21:10.023+0200][gc] Using G1
[2023-08-22T10:21:10.026+0200][gc,init] Version: 17.0.7+8-LTS-224 (release)
[2023-08-22T10:21:10.026+0200][gc,init] CPUs: 8 total, 8 available
[2023-08-22T10:21:10.026+0200][gc,init] Memory: 16163M
[2023-08-22T10:21:10.026+0200][gc,init] Large Page Support: Disabled
[2023-08-22T10:21:10.026+0200][gc,init] NUMA Support: Disabled
[2023-08-22T10:21:10.026+0200][gc,init] Compressed Oops: Enabled (32-bit)
[2023-08-22T10:21:10.026+0200][gc,init] Heap Region Size: 1M
[2023-08-22T10:21:10.026+0200][gc,init] Heap Min Capacity: 512M
[2023-08-22T10:21:10.026+0200][gc,init] Heap Initial Capacity: 512M
[2023-08-22T10:21:10.036+0200][gc,init] Heap Max Capacity: 512M
[2023-08-22T10:21:10.036+0200][gc,init] Pre-touch: Disabled
[2023-08-22T10:21:10.036+0200][gc,init] Parallel Workers: 8
[2023-08-22T10:21:10.036+0200][gc,init] Concurrent Workers: 2
[2023-08-22T10:21:10.036+0200][gc,init] Concurrent Refinement Workers: 8
[2023-08-22T10:21:10.036+0200][gc,init] Periodic GC: Disabled
[2023-08-22T10:21:10.037+0200][gc,metaspace] CDS archive(s) mapped at: [0x0000000800000000-0x0000000800bd0000-0x0000000800bd0000), size 12386304, SharedBaseAddress: 0x0000000800000000, ArchiveRelocationMode: 0.
[2023-08-22T10:21:10.037+0200][gc,metaspace] Compressed class space mapped at: 0x0000000800c00000-0x0000000840c00000, reserved size: 1073741824
[2023-08-22T10:21:10.037+0200][gc,metaspace] Narrow klass base: 0x0000000800000000, Narrow klass shift: 0, Narrow klass range: 0x100000000
[2023-08-22T10:21:10.270+0200][gc,heap,exit] Heap
[2023-08-22T10:21:10.270+0200][gc,heap,exit]  garbage-first heap   total 524288K, used 7170K [0x00000000e0000000, 0x0000000100000000)
[2023-08-22T10:21:10.270+0200][gc,heap,exit]   region size 1024K, 8 young (8192K), 0 survivors (0K)
[2023-08-22T10:21:10.270+0200][gc,heap,exit]  Metaspace       used 4548K, committed 4800K, reserved 1056768K
[2023-08-22T10:21:10.271+0200][gc,heap,exit]   class space    used 510K, committed 640K, reserved 1048576K
